node.exe : FAIL 
__tests__/orderService.test.js
At C:\Program Files\nodejs\npx.ps1:29 
char:3
+   & $NODE_EXE $NPX_CLI_JS $args
+   ~~~~~~~~~~~~~~~~~~~~~~~~~~~~~
    + CategoryInfo          : NotSpecifi 
   ed: (FAIL __tests__/orderService.tes  
  t.js:String) [], RemoteException
    + FullyQualifiedErrorId : NativeComm 
   andError
 
  ΓùÅ Test suite failed to run

    Jest encountered an unexpected token

    Jest failed to parse a file. This 
happens e.g. when your code or its 
dependencies use non-standard JavaScript 
syntax, or when Jest is not configured 
to support such syntax.

    Out of the box Jest supports Babel, 
which will be used to transform your 
files into valid JS based on your Babel 
configuration.

    By default "node_modules" folder is 
ignored by transformers.

    Here's what you can do:
     ΓÇó If you are trying to use 
ECMAScript Modules, see https://jestjs.io
/docs/ecmascript-modules for how to 
enable it.
     ΓÇó If you are trying to use 
TypeScript, see https://jestjs.io/docs/ge
tting-started#using-typescript
     ΓÇó To have some of your 
"node_modules" files transformed, you 
can specify a custom 
"transformIgnorePatterns" in your config.
     ΓÇó If you need a custom 
transformation, specify a "transform" 
option in your config.
     ΓÇó If you simply want to mock your 
non-JS modules (e.g. binary assets) you 
can stub them out with the 
"moduleNameMapper" config option.

    You'll find more details and 
examples of these config options in the 
docs:
    https://jestjs.io/docs/configuration
    For information about custom 
transformations, see:
    https://jestjs.io/docs/code-transform
ation

    Details:

    C:\Users\Uday\OneDrive\Documents\Baja
j_Uday_Assignment\node_modules\uuid\dist-
node\index.js:1
    export { default as MAX } from 
'./max.js';
    ^^^^^^

    SyntaxError: Unexpected token 
'export'

    [0m[31m[1m>[22m[39m[90m 1 
|[39m [36mconst[39m { v4[33m:[39m 
uuidv4 } [33m=[39m 
require([32m'uuid'[39m)[33m;[39m
     [90m   |[39m                      
  [31m[1m^[22m[39m
     [90m 2 |[39m [36mconst[39m { 
[33mORDER_TYPES[39m[33m,[39m 
[33mORDER_STYLES[39m[33m,[39m 
[33mORDER_STATUS[39m[33m,[39m 
[33mERROR_MESSAGES[39m } [33m=[39m re
quire([32m'../config/constants'[39m)[3
3m;[39m
     [90m 3 |[39m
     [90m 4 |[39m [36mclass[39m 
[33mOrder[39m {[0m

      at Runtime.createScriptFromCode (no
de_modules/jest-runtime/build/index.js:13
18:40)
      at Object.require 
(src/models/Order.js:1:24)
      at Object.require 
(src/services/orderService.js:1:15)
      at Object.require 
(__tests__/orderService.test.js:1:22)

Test Suites: 1 failed, 1 total
Tests:       0 total
Snapshots:   0 total
Time:        0.792 s
Ran all test suites matching 
__tests__/orderService.test.js.
